This is job 'COSC7502_project_serial' (id: 11333176) running on the following nodes: 
smp-vm-1
Running with OMP_NUM_THREADS = 1
Running with SLURM_TASKS_PER_NODE = 1

Project verification tests successfully finished!
