This is job 'COSC7502_project_parallel' (id: 11301258) running on the following nodes: 
smp-8-2
Running with OMP_NUM_THREADS = 1
Running with SLURM_TASKS_PER_NODE = 1

Project scaling tests successfully finished!
