This is job 'COSC7502_project_serial' (id: 10425648) running on the following nodes: 
smp-7-2
Running with OMP_NUM_THREADS = 1
Running with SLURM_TASKS_PER_NODE = 1

Project -O1 tests successfully finished!
